============================= test session starts =============================
platform win32 -- Python 3.11.9, pytest-8.4.1, pluggy-1.6.0
rootdir: D:\1VSCODE\Projects\PackU\NameU
configfile: pyproject.toml
plugins: anyio-4.10.0, Faker-37.5.3, hypothesis-6.148.7
collected 3 items

tests\test_filename_fix.py ...                                           [100%]

============================== 3 passed in 0.90s ==============================
